// Jest Snapshot v1, https://goo.gl/fbAQLP

exports[`babel plugin captures worklets environment 1`] = `
"var x = 5;
var objX = {
  x: x
};
var _worklet_5359970077727_init_data = {
  code: \\"function f(){const{x,objX}=this._closure;return{res:x+objX.x};}\\",
  location: \\"${ process.cwd() }/jest tests fixture\\"
};
var f = function () {
  var _e = [new Error(), -3, -20];
  var _f = function _f() {
    return {
      res: x + objX.x
    };
  };
  _f._closure = {
    x: x,
    objX: {
      x: objX.x
    }
  };
  _f.__initData = _worklet_5359970077727_init_data;
  _f.__workletHash = 5359970077727;
  _f.__stackDetails = _e;
  return _f;
}();"
`;

exports[`babel plugin doesn't capture globals 1`] = `
"var _worklet_13298016111221_init_data = {
  code: \\"function f(){console.log('test');}\\",
  location: \\"${ process.cwd() }/jest tests fixture\\"
};
var f = function () {
  var _e = [new Error(), 1, -20];
  var _f = function _f() {
    console.log('test');
  };
  _f._closure = {};
  _f.__initData = _worklet_13298016111221_init_data;
  _f.__workletHash = 13298016111221;
  _f.__stackDetails = _e;
  return _f;
}();"
`;

exports[`babel plugin doesn't transform standard callback functions 1`] = `
"var foo = Something.Tap().onEnd(function (_event, _success) {
  console.log('onEnd');
});"
`;

exports[`babel plugin doesn't transform string literals 1`] = `
"var _worklet_9810417751380_init_data = {
  code: \\"function foo(x){const bar='worklet';const baz=\\\\\\"worklet\\\\\\";}\\",
  location: \\"${ process.cwd() }/jest tests fixture\\"
};
var foo = function () {
  var _e = [new Error(), 1, -20];
  var _f = function _f(x) {
    var bar = 'worklet';
    var baz = \\"worklet\\";
  };
  _f._closure = {};
  _f.__initData = _worklet_9810417751380_init_data;
  _f.__workletHash = 9810417751380;
  _f.__stackDetails = _e;
  return _f;
}();"
`;

exports[`babel plugin supports SequenceExpression 1`] = `
"function App() {
  (0, fun)({
    onStart: function onStart() {}
  }, []);
}"
`;

exports[`babel plugin supports SequenceExpression, many arguments 1`] = `
"var _worklet_4434179069699_init_data = {
  code: \\"function onStart(){}\\",
  location: \\"${ process.cwd() }/jest tests fixture\\"
};
function App() {
  (0, 3, fun)({
    onStart: function () {
      var _e = [new Error(), 1, -20];
      var _f = function _f() {};
      _f._closure = {};
      _f.__initData = _worklet_4434179069699_init_data;
      _f.__workletHash = 4434179069699;
      _f.__stackDetails = _e;
      return _f;
    }()
  }, []);
}"
`;

exports[`babel plugin supports SequenceExpression, with worklet 1`] = `
"var _worklet_4434179069699_init_data = {
  code: \\"function onStart(){}\\",
  location: \\"${ process.cwd() }/jest tests fixture\\"
};
function App() {
  (0, fun)({
    onStart: function () {
      var _e = [new Error(), 1, -20];
      var _f = function _f() {};
      _f._closure = {};
      _f.__initData = _worklet_4434179069699_init_data;
      _f.__workletHash = 4434179069699;
      _f.__stackDetails = _e;
      return _f;
    }()
  }, []);
}"
`;

exports[`babel plugin supports SequenceExpression, with worklet closure 1`] = `
"var _worklet_16676723780973_init_data = {
  code: \\"function onStart(){const{obj}=this._closure;const a=obj.a;}\\",
  location: \\"${ process.cwd() }/jest tests fixture\\"
};
function App() {
  var obj = {
    a: 1,
    b: 2
  };
  (0, fun)({
    onStart: function () {
      var _e = [new Error(), -2, -20];
      var _f = function _f() {
        var a = obj.a;
      };
      _f._closure = {
        obj: {
          a: obj.a
        }
      };
      _f.__initData = _worklet_16676723780973_init_data;
      _f.__workletHash = 16676723780973;
      _f.__stackDetails = _e;
      return _f;
    }()
  }, []);
}"
`;

exports[`babel plugin supports recursive calls 1`] = `
"var a = 1;
var _worklet_2022702330805_init_data = {
  code: \\"function foo(t){const foo=this._recur;const{a}=this._closure;if(t>0){return a+foo(t-1);}}\\",
  location: \\"${ process.cwd() }/jest tests fixture\\"
};
var foo = function () {
  var _e = [new Error(), -2, -20];
  var _f = function _f(t) {
    if (t > 0) {
      return a + foo(t - 1);
    }
  };
  _f._closure = {
    a: a
  };
  _f.__initData = _worklet_2022702330805_init_data;
  _f.__workletHash = 2022702330805;
  _f.__stackDetails = _e;
  return _f;
}();"
`;

exports[`babel plugin transforms 1`] = `
"var _reactNativeReanimated = _interopRequireWildcard(require(\\"react-native-reanimated\\"));
var _jsxRuntime = require(\\"react/jsx-runtime\\");
function _getRequireWildcardCache(nodeInterop) { if (typeof WeakMap !== \\"function\\") return null; var cacheBabelInterop = new WeakMap(); var cacheNodeInterop = new WeakMap(); return (_getRequireWildcardCache = function _getRequireWildcardCache(nodeInterop) { return nodeInterop ? cacheNodeInterop : cacheBabelInterop; })(nodeInterop); }
function _interopRequireWildcard(obj, nodeInterop) { if (!nodeInterop && obj && obj.__esModule) { return obj; } if (obj === null || typeof obj !== \\"object\\" && typeof obj !== \\"function\\") { return { default: obj }; } var cache = _getRequireWildcardCache(nodeInterop); if (cache && cache.has(obj)) { return cache.get(obj); } var newObj = {}; var hasPropertyDescriptor = Object.defineProperty && Object.getOwnPropertyDescriptor; for (var key in obj) { if (key !== \\"default\\" && Object.prototype.hasOwnProperty.call(obj, key)) { var desc = hasPropertyDescriptor ? Object.getOwnPropertyDescriptor(obj, key) : null; if (desc && (desc.get || desc.set)) { Object.defineProperty(newObj, key, desc); } else { newObj[key] = obj[key]; } } } newObj.default = obj; if (cache) { cache.set(obj, newObj); } return newObj; }
function Box() {
  var offset = (0, _reactNativeReanimated.useSharedValue)(0);
  var animatedStyles = (0, _reactNativeReanimated.useAnimatedStyle)(function () {
    return {
      transform: [{
        translateX: offset.value * 255
      }]
    };
  });
  return (0, _jsxRuntime.jsxs)(_jsxRuntime.Fragment, {
    children: [(0, _jsxRuntime.jsx)(_reactNativeReanimated.default.View, {
      style: [styles.box, animatedStyles]
    }), (0, _jsxRuntime.jsx)(Button, {
      onPress: function onPress() {
        return offset.value = Math.random();
      },
      title: \\"Move\\"
    })]
  });
}"
`;

exports[`babel plugin transforms spread operator in worklets for arrays 1`] = `
"var _worklet_3161057533258_init_data = {
  code: \\"function foo(){const bar=[4,5];const baz=[1,...[2,3],...bar];}\\",
  location: \\"${ process.cwd() }/jest tests fixture\\"
};
var foo = function () {
  var _e = [new Error(), 1, -20];
  var _f = function _f() {
    var bar = [4, 5];
    var baz = [1].concat([2, 3], bar);
  };
  _f._closure = {};
  _f.__initData = _worklet_3161057533258_init_data;
  _f.__workletHash = 3161057533258;
  _f.__stackDetails = _e;
  return _f;
}();"
`;

exports[`babel plugin transforms spread operator in worklets for function arguments 1`] = `
"var _worklet_9866931756941_init_data = {
  code: \\"function foo(...args){console.log(args);}\\",
  location: \\"${ process.cwd() }/jest tests fixture\\"
};
var foo = function () {
  var _e = [new Error(), 1, -20];
  var _f = function _f() {
    for (var _len = arguments.length, args = new Array(_len), _key = 0; _key < _len; _key++) {
      args[_key] = arguments[_key];
    }
    console.log(args);
  };
  _f._closure = {};
  _f.__initData = _worklet_9866931756941_init_data;
  _f.__workletHash = 9866931756941;
  _f.__stackDetails = _e;
  return _f;
}();"
`;

exports[`babel plugin transforms spread operator in worklets for function calls 1`] = `
"var _interopRequireDefault = require(\\"@babel/runtime/helpers/interopRequireDefault\\");
var _toConsumableArray2 = _interopRequireDefault(require(\\"@babel/runtime/helpers/toConsumableArray\\"));
var _worklet_2015887751437_init_data = {
  code: \\"function foo(arg){console.log(...arg);}\\",
  location: \\"${ process.cwd() }/jest tests fixture\\"
};
var foo = function () {
  var _e = [new Error(), 1, -20];
  var _f = function _f(arg) {
    var _console;
    (_console = console).log.apply(_console, (0, _toConsumableArray2.default)(arg));
  };
  _f._closure = {};
  _f.__initData = _worklet_2015887751437_init_data;
  _f.__workletHash = 2015887751437;
  _f.__stackDetails = _e;
  return _f;
}();"
`;

exports[`babel plugin transforms spread operator in worklets for objects 1`] = `
"var _worklet_792186851025_init_data = {
  code: \\"function foo(){const bar={d:4,e:5};const baz={a:1,...{b:2,c:3},...bar};}\\",
  location: \\"${ process.cwd() }/jest tests fixture\\"
};
var foo = function () {
  var _e = [new Error(), 1, -20];
  var _f = function _f() {
    var bar = {
      d: 4,
      e: 5
    };
    var baz = Object.assign({
      a: 1
    }, {
      b: 2,
      c: 3
    }, bar);
  };
  _f._closure = {};
  _f.__initData = _worklet_792186851025_init_data;
  _f.__workletHash = 792186851025;
  _f.__stackDetails = _e;
  return _f;
}();"
`;

exports[`babel plugin workletizes ArrowFunctionExpression 1`] = `
"var _worklet_16347365292089_init_data = {
  code: \\"function anonymous(x){return x+2;}\\",
  location: \\"${ process.cwd() }/jest tests fixture\\"
};
var foo = function () {
  var _e = [new Error(), 1, -20];
  var _f = function _f(x) {
    return x + 2;
  };
  _f._closure = {};
  _f.__initData = _worklet_16347365292089_init_data;
  _f.__workletHash = 16347365292089;
  _f.__stackDetails = _e;
  return _f;
}();"
`;

exports[`babel plugin workletizes FunctionDeclaration 1`] = `
"var _worklet_4679479961836_init_data = {
  code: \\"function foo(x){return x+2;}\\",
  location: \\"${ process.cwd() }/jest tests fixture\\"
};
var foo = function () {
  var _e = [new Error(), 1, -20];
  var _f = function _f(x) {
    return x + 2;
  };
  _f._closure = {};
  _f.__initData = _worklet_4679479961836_init_data;
  _f.__workletHash = 4679479961836;
  _f.__stackDetails = _e;
  return _f;
}();"
`;

exports[`babel plugin workletizes getter 1`] = `
"var _interopRequireDefault = require(\\"@babel/runtime/helpers/interopRequireDefault\\");
var _classCallCheck2 = _interopRequireDefault(require(\\"@babel/runtime/helpers/classCallCheck\\"));
var _createClass2 = _interopRequireDefault(require(\\"@babel/runtime/helpers/createClass\\"));
var _worklet_10436985806815_init_data = {
  code: \\"function get(){const{x}=this._closure;return x+2;}\\",
  location: \\"${ process.cwd() }/jest tests fixture\\"
};
var Foo = function () {
  function Foo() {
    (0, _classCallCheck2.default)(this, Foo);
  }
  (0, _createClass2.default)(Foo, [{
    key: \\"bar\\",
    get: function () {
      var _e = [new Error(), -2, -20];
      var _f = function _f() {
        return x + 2;
      };
      _f._closure = {
        x: x
      };
      _f.__initData = _worklet_10436985806815_init_data;
      _f.__workletHash = 10436985806815;
      _f.__stackDetails = _e;
      return _f;
    }()
  }]);
  return Foo;
}();"
`;

exports[`babel plugin workletizes instance method 1`] = `
"var _interopRequireDefault = require(\\"@babel/runtime/helpers/interopRequireDefault\\");
var _classCallCheck2 = _interopRequireDefault(require(\\"@babel/runtime/helpers/classCallCheck\\"));
var _createClass2 = _interopRequireDefault(require(\\"@babel/runtime/helpers/createClass\\"));
var _worklet_16974800582491_init_data = {
  code: \\"function bar(x){return x+2;}\\",
  location: \\"${ process.cwd() }/jest tests fixture\\"
};
var Foo = function () {
  function Foo() {
    (0, _classCallCheck2.default)(this, Foo);
  }
  (0, _createClass2.default)(Foo, [{
    key: \\"bar\\",
    value: function () {
      var _e = [new Error(), 1, -20];
      var _f = function _f(x) {
        return x + 2;
      };
      _f._closure = {};
      _f.__initData = _worklet_16974800582491_init_data;
      _f.__workletHash = 16974800582491;
      _f.__stackDetails = _e;
      return _f;
    }()
  }]);
  return Foo;
}();"
`;

exports[`babel plugin workletizes named FunctionExpression 1`] = `
"var _worklet_4679479961836_init_data = {
  code: \\"function foo(x){return x+2;}\\",
  location: \\"${ process.cwd() }/jest tests fixture\\"
};
var foo = function () {
  var _e = [new Error(), 1, -20];
  var _f = function _f(x) {
    return x + 2;
  };
  _f._closure = {};
  _f.__initData = _worklet_4679479961836_init_data;
  _f.__workletHash = 4679479961836;
  _f.__stackDetails = _e;
  return _f;
}();"
`;

exports[`babel plugin workletizes static method 1`] = `
"var _interopRequireDefault = require(\\"@babel/runtime/helpers/interopRequireDefault\\");
var _classCallCheck2 = _interopRequireDefault(require(\\"@babel/runtime/helpers/classCallCheck\\"));
var _createClass2 = _interopRequireDefault(require(\\"@babel/runtime/helpers/createClass\\"));
var _worklet_16974800582491_init_data = {
  code: \\"function bar(x){return x+2;}\\",
  location: \\"${ process.cwd() }/jest tests fixture\\"
};
var Foo = function () {
  function Foo() {
    (0, _classCallCheck2.default)(this, Foo);
  }
  (0, _createClass2.default)(Foo, null, [{
    key: \\"bar\\",
    value: function () {
      var _e = [new Error(), 1, -20];
      var _f = function _f(x) {
        return x + 2;
      };
      _f._closure = {};
      _f.__initData = _worklet_16974800582491_init_data;
      _f.__workletHash = 16974800582491;
      _f.__stackDetails = _e;
      return _f;
    }()
  }]);
  return Foo;
}();"
`;

exports[`babel plugin workletizes unnamed FunctionExpression 1`] = `
"var _worklet_16347365292089_init_data = {
  code: \\"function anonymous(x){return x+2;}\\",
  location: \\"${ process.cwd() }/jest tests fixture\\"
};
var foo = function () {
  var _e = [new Error(), 1, -20];
  var _f = function _f(x) {
    return x + 2;
  };
  _f._closure = {};
  _f.__initData = _worklet_16347365292089_init_data;
  _f.__workletHash = 16347365292089;
  _f.__stackDetails = _e;
  return _f;
}();"
`;
